[backblue.gif]
[fade.gif]
[index.html]
[framework-gb.cdn.gob.mx/assets/styles/main.css]
[framework-gb.cdn.gob.mx/gobmx.js]
[framework-gb.cdn.gob.mx/assets/scripts/jquery-ui-datepicker.js]
[www.google-analytics.com/analytics.js]
[siged.sep.gob.mx/SIGED/documentos369d.html]
[siged.sep.gob.mx/SIGED/css/datatables.min.css]
[siged.sep.gob.mx/SIGED/css/global-style.css]
[framework-gb.cdn.gob.mx/assets/styles/fonts/icogobmxf547.eot]
[framework-gb.cdn.gob.mx/assets/styles/fonts/icogobmxd41d.eot]
[framework-gb.cdn.gob.mx/assets/styles/fonts/icogobmxf547.woff]
[framework-gb.cdn.gob.mx/assets/styles/fonts/icogobmxf547.ttf]
[framework-gb.cdn.gob.mx/assets/styles/fonts/icogobmxf547.svg]
[framework-gb.cdn.gob.mx/assets/images/icons_full.png]
[framework-gb.cdn.gob.mx/assets/styles/main.css]
[siged.sep.gob.mx/SIGED/css/sige.css]
[siged.sep.gob.mx/SIGED/css/banner.css]
[siged.sep.gob.mx/SIGED/css/font-awesome.css]
[siged.sep.gob.mx/SIGED/assets/layerslider/css/blank.gif]
[siged.sep.gob.mx/SIGED/assets/layerslider/css/layerslider.css]
[siged.sep.gob.mx/SIGED/calendar/simbologia/StyleSheet.css]
[siged.sep.gob.mx/SIGED/js/Chart.html]
[siged.sep.gob.mx/SIGED/ima/DocumentosCerti.html]
[siged.sep.gob.mx/SIGED/css/cambios.css]
[maxcdn.bootstrapcdn.com/bootstrap/3.3.7/css/bootstrap.min.css]
[siged.sep.gob.mx/SIGED/images/ModeloOperativo.jpg]
[siged.sep.gob.mx/SIGED/index.html]
[siged.sep.gob.mx/SIGED/documentos.html]
[siged.sep.gob.mx/SIGED/js/jquery.min.html]
[framework-gb.cdn.gob.mx/gobmx.js]
[framework-gb.cdn.gob.mx/assets/scripts/jquery-ui-datepicker.js]
[siged.sep.gob.mx/SIGED/js/velocity.min.html]
[cdn.datatables.net/responsive/2.1.1/js/dataTables.responsive.js]
[siged.sep.gob.mx/SIGED/js/angular.html]
[siged.sep.gob.mx/SIGED/js/angular-resource.html]
[siged.sep.gob.mx/SIGED/js/slideShow.html]
[siged.sep.gob.mx/SIGED/js/siged.html]
[siged.sep.gob.mx/SIGED/js/uri.html]
[siged.sep.gob.mx/SIGED/js/documentos.html]
[siged.sep.gob.mx/SIGED/js/datatables/jquery.dataTables.min.html]
[siged.sep.gob.mx/SIGED/js/datatables/dataTables.bootstrap.min.html]
[siged.sep.gob.mx/SIGED/assets/layerslider/js/greensock.html]
[siged.sep.gob.mx/SIGED/assets/layerslider/js/layerslider.transitions.html]
[siged.sep.gob.mx/SIGED/assets/layerslider/js/layerslider.kreaturamedia.jquery.html]
[siged.sep.gob.mx/SIGED/header.html]
[siged.sep.gob.mx/SIGED/css/Bootstrap-3.3.6/fonts/glyphicons-halflings-regular.html]
[siged.sep.gob.mx/SIGED/css/Bootstrap-3.3.6/fonts/glyphicons-halflings-regulard41d.html]
[siged.sep.gob.mx/SIGED/css/Bootstrap-3.3.6/fonts/glyphicons-halflings-regular-2.html]
[siged.sep.gob.mx/SIGED/css/Bootstrap-3.3.6/fonts/glyphicons-halflings-regular-3.html]
[siged.sep.gob.mx/SIGED/css/Bootstrap-3.3.6/fonts/glyphicons-halflings-regular-4.html]
[siged.sep.gob.mx/SIGED/css/Bootstrap-3.3.6/fonts/glyphicons-halflings-regular-5.html]
[siged.sep.gob.mx/SIGED/assets/animate/animate.css]
[siged.sep.gob.mx/SIGED/assets/social-buttons/css/rrssb.css]
[siged.sep.gob.mx/SIGED/assets/easy-pie-chart/css/easypiechart.css]
[siged.sep.gob.mx/SIGED/images/patterns/binding-dark.html]
[siged.sep.gob.mx/SIGED/images/patterns/squairy-light.html]
[siged.sep.gob.mx/SIGED/images/patterns/dark-dotted.html]
[siged.sep.gob.mx/SIGED/images/patterns/skulls.html]
[siged.sep.gob.mx/SIGED/images/backgrounds/full-bg-10.html]
[siged.sep.gob.mx/SIGED/images/backgrounds/full-bg-3.html]
[siged.sep.gob.mx/SIGED/images/prv/banner-img-4.html]
[siged.sep.gob.mx/SIGED/images/prv/banner-img-1.html]
[siged.sep.gob.mx/SIGED/images/patterns/slash-it.html]
[siged.sep.gob.mx/SIGED/images/patterns/dark-exa.html]
[siged.sep.gob.mx/SIGED/css/images/camera.html]
[siged.sep.gob.mx/SIGED/images/temp/bw.html]
[siged.sep.gob.mx/SIGED/images/temp/dark.html]
[siged.sep.gob.mx/SIGED/images/temp/flat.html]
[siged.sep.gob.mx/SIGED/css/yes-no.html]
[siged.sep.gob.mx/SIGED/css/images/arrows-thin.html]
[siged.sep.gob.mx/SIGED/css/images/arrows-thin-x2.html]
[framework-gb.cdn.gob.mx/assets/styles/fonts/icogobmxf547.svg]
[framework-gb.cdn.gob.mx/assets/images/home_picture.html]
[siged.sep.gob.mx/SIGED/fonts/fontawesome-webfont5b62.html]
[siged.sep.gob.mx/SIGED/fonts/fontawesome-webfontd41d.html]
[siged.sep.gob.mx/SIGED/fonts/fontawesome-webfont5b62-2.html]
[siged.sep.gob.mx/SIGED/fonts/fontawesome-webfont5b62-3.html]
[siged.sep.gob.mx/SIGED/fonts/fontawesome-webfont5b62-4.html]
[siged.sep.gob.mx/SIGED/fonts/fontawesome-webfont5b62-5.html]
[siged.sep.gob.mx/SIGED/calendar/simbologia/Images/event.html]
[siged.sep.gob.mx/SIGED/calendar/simbologia/Images/Consejo.html]
[siged.sep.gob.mx/SIGED/calendar/simbologia/Images/Vacaciones.html]
[siged.sep.gob.mx/SIGED/calendar/simbologia/Images/Suspencion.html]
[siged.sep.gob.mx/SIGED/calendar/simbologia/Images/Ajuste.html]
[siged.sep.gob.mx/SIGED/calendar/simbologia/Images/FinCurso.html]
[siged.sep.gob.mx/SIGED/calendar/simbologia/Images/InicioCurso.html]
[siged.sep.gob.mx/SIGED/calendar/simbologia/Images/PlaneaP4.html]
[siged.sep.gob.mx/SIGED/calendar/simbologia/Images/Planeap6.html]
[siged.sep.gob.mx/SIGED/calendar/simbologia/Images/PlaneaSec.html]
[siged.sep.gob.mx/SIGED/calendar/simbologia/Images/Receso.html]
[siged.sep.gob.mx/SIGED/calendar/simbologia/Images/SolPreinsc.html]
[siged.sep.gob.mx/SIGED/js/dataset.html]
[siged.sep.gob.mx/SIGED/js/==.html]
[siged.sep.gob.mx/SIGED/js/me.getDataset().html]
[siged.sep.gob.mx/SIGED/js/me.html]
[siged.sep.gob.mx/SIGED/js/this.chart.html]
[siged.sep.gob.mx/SIGED/js/chart-2.html]
[maxcdn.bootstrapcdn.com/bootstrap/3.3.7/css/bootstrap.min.css]
[siged.sep.gob.mx/SIGED/css/index.css]
[siged.sep.gob.mx/SIGED/css/flip.css]
[siged.sep.gob.mx/SIGED/ima/home1.html]
[siged.sep.gob.mx/SIGED/images/logo_bco-sep.html]
[siged.sep.gob.mx/SIGED/ima/BannerAlumnos.jpg]
[siged.sep.gob.mx/SIGED/alumnos.html]
[siged.sep.gob.mx/SIGED/docentes.html]
[siged.sep.gob.mx/SIGED/escuelas.html]
[ajax.googleapis.com/ajax/libs/jquery/1.11.1/jquery.min.js]
[code.jquery.com/ui/1.12.1/jquery-ui.js]
[ajax.googleapis.com/ajax/libs/angularjs/1.6.5/angular.min.js]
[siged.sep.gob.mx/SIGED/buscador_plazas.html]
[siged.sep.gob.mx/SIGED/documentosMasivo.html]
[siged.sep.gob.mx/SIGED/revalidaciones.html]
[siged.sep.gob.mx/SIGED/images/conformacion_SIGED.html]
[siged.sep.gob.mx/SIGED/ima/articulo.jpg]
[siged.sep.gob.mx/SIGED/principalesCifras.html]
[siged.sep.gob.mx/SIGED/glosario.html]
[siged.sep.gob.mx/SIGED/descargaCatalogo.html]
[siged.sep.gob.mx/SIGED/archivos/DOF_200318.pdf]
[ajax.googleapis.com/ajax/libs/angularjs/1.5.8/angular.js]
[ajax.googleapis.com/ajax/libs/angularjs/1.5.8/angular-resource.js]
[cdnjs.cloudflare.com/ajax/libs/velocity/1.1.0/velocity.min.js]
[siged.sep.gob.mx/SIGED/marco_legal.html]
[siged.sep.gob.mx/SIGED/images/Banner_opcional-01.jpg]
[siged.sep.gob.mx/SIGED/terminos.html]
[siged.sep.gob.mx/SIGED/articulo73.html]
[siged.sep.gob.mx/SIGED/aviso_privacidad.html]
[siged.sep.gob.mx/SIGED/js/obj[key];.html]
[siged.sep.gob.mx/SIGED/js/postDigestQueue.html]
[siged.sep.gob.mx/SIGED/js/postDigestQueue-2.html]
[siged.sep.gob.mx/SIGED/js/createMap();.html]
[siged.sep.gob.mx/SIGED/js/null;.html]
[siged.sep.gob.mx/SIGED/js/http-hello.html]
[siged.sep.gob.mx/SIGED/js/buildUrl(config.html]
[siged.sep.gob.mx/SIGED/js/`.html]
[siged.sep.gob.mx/SIGED/js/url;.html]
[siged.sep.gob.mx/SIGED/js/urlParsingNode.html]
[siged.sep.gob.mx/SIGED/js/index.html]
[siged.sep.gob.mx/SIGED/js/script.html]
[siged.sep.gob.mx/SIGED/js/angular-sanitize.html]
[siged.sep.gob.mx/SIGED/js/currentTpl.html]
[siged.sep.gob.mx/SIGED/js/datatables/==c8631.html]
[siged.sep.gob.mx/SIGED/estadisticas.html]
[siged.sep.gob.mx/SIGED/ima/alumnos.html]
[siged.sep.gob.mx/SIGED/ima/docentes.html]
[siged.sep.gob.mx/SIGED/ima/escuelas.html]
[siged.sep.gob.mx/SIGED/ima/documentos.html]
[siged.sep.gob.mx/SIGED/js/alumnos.html]
[siged.sep.gob.mx/SIGED/js/banner.html]
[siged.sep.gob.mx/SIGED/banner.html]
[siged.sep.gob.mx/SIGED/ima/bannerDocentes.html]
[siged.sep.gob.mx/SIGED/images/avatar_teacher.html]
[siged.sep.gob.mx/SIGED/js/docentes.html]
[siged.sep.gob.mx/SIGED/js/responsivetable.html]
[siged.sep.gob.mx/SIGED/images/BannerSIGED.gif]
[siged.sep.gob.mx/SIGED/css/escuelas.css]
[siged.sep.gob.mx/SIGED/css/fullcalendar.min.css]
[siged.sep.gob.mx/SIGED/css/fullcalendar.print.min.css]
[siged.sep.gob.mx/SIGED/js/jquery.fancybox8cbb.css]
[siged.sep.gob.mx/SIGED/ima/bannerEscuelas.html]
[unpkg.com/leaflet@1.7.1/dist/leaflet.css]
[siged.sep.gob.mx/SIGED/maps/escuelasOSM.html]
[siged.sep.gob.mx/SIGED/images/logo_sep.html]
[unpkg.com/leaflet@1.7.1/dist/leaflet.js]
[siged.sep.gob.mx/SIGED/js/datatables/jquery.dataTables.html]
[siged.sep.gob.mx/SIGED/js/escuelas.html]
[siged.sep.gob.mx/SIGED/lib/moment.min.html]
[siged.sep.gob.mx/SIGED/js/fullcalendar.min.html]
[siged.sep.gob.mx/SIGED/js/jquery.fancybox.pack8cbb.html]
[siged.sep.gob.mx/SIGED/css/map.css]
[siged.sep.gob.mx/SIGED/maps/plazasOSM.html]
[siged.sep.gob.mx/SIGED/assets/bootstrap/js/bootstrap.min.html]
[siged.sep.gob.mx/SIGED/js/buscadorPlazas.html]
[siged.sep.gob.mx/SIGED/js/funciones.html]
[siged.sep.gob.mx/SIGED/archivos/LayoutConsulta.html]
[siged.sep.gob.mx/SIGED/js/promedioTexto.html]
[siged.sep.gob.mx/SIGED/js/documentosMasivos.html]
[siged.sep.gob.mx/SIGED/js/xlsx/dist/cpexcel.html]
[siged.sep.gob.mx/SIGED/js/xlsx/shim.html]
[siged.sep.gob.mx/SIGED/js/xlsx/jszip.html]
[siged.sep.gob.mx/SIGED/js/xlsx/xlsx.html]
[siged.sep.gob.mx/SIGED/js/xlsx/decodeXLSX.html]
[siged.sep.gob.mx/SIGED/js/revalidaciones.html]
[siged.sep.gob.mx/SIGED/js/principalesCifras.html]
[siged.sep.gob.mx/SIGED/index-2.html]
[siged.sep.gob.mx/SIGED/glosario/assets/htmlimages/loader.gif]
[siged.sep.gob.mx/SIGED/glosario/index.html]
[siged.sep.gob.mx/SIGED/diccionarios/DiccionarioDeDatos.html]
[siged.sep.gob.mx/SIGED/ima/general.html]
[siged.sep.gob.mx/SIGED/art73.html]
[siged.sep.gob.mx/SIGED/js/art73.html]
[siged.sep.gob.mx/SIGED/www.siged.gob.html]
[siged.sep.gob.mx/SIGED/estadisticas/escuelas.html]
[siged.sep.gob.mx/SIGED/images/Recurso1.html]
[siged.sep.gob.mx/SIGED/images/Recurso3.html]
[siged.sep.gob.mx/SIGED/images/img_escuelas.html]
[siged.sep.gob.mx/SIGED/js/concentrado_docentes.html]
[siged.sep.gob.mx/SIGED/js/fancybox_sprite.html]
[siged.sep.gob.mx/SIGED/js/fancybox_loading.html]
[siged.sep.gob.mx/SIGED/js/blank.html]
[siged.sep.gob.mx/SIGED/js/fancybox_overlay.html]
[siged.sep.gob.mx/SIGED/js/fancybox_sprite@2x.html]
[siged.sep.gob.mx/SIGED/js/fancybox_loading@2x.html]
[unpkg.com/leaflet@1.7.1/dist/images/layers.png]
[unpkg.com/leaflet@1.7.1/dist/images/layers-2x.png]
[unpkg.com/leaflet@1.7.1/dist/images/marker-icon.png]
[unpkg.com/leaflet@1.7.1/dist/leaflet.css]
[siged.sep.gob.mx/SIGED/js/datatables/settings.html]
[siged.sep.gob.mx/SIGED/js/datatables/data[.html]
[siged.sep.gob.mx/SIGED/js/datatables/(join===__).html]
[siged.sep.gob.mx/SIGED/js/datatables/==.html]
[siged.sep.gob.mx/SIGED/js/datatables/str.html]
[siged.sep.gob.mx/SIGED/js/datatables/row.html]
[siged.sep.gob.mx/SIGED/js/datatables/tmp;.html]
[siged.sep.gob.mx/SIGED/js/datatables/$.html]
[siged.sep.gob.mx/SIGED/js/datatables/[],.html]
[siged.sep.gob.mx/SIGED/js/datatables/_fnAjaxDataSrc(.html]
[siged.sep.gob.mx/SIGED/js/datatables/settings-2.html]
[siged.sep.gob.mx/SIGED/js/datatables/oTable.html]
[siged.sep.gob.mx/SIGED/js/datatables/oTable-2.html]
[siged.sep.gob.mx/SIGED/js/datatables/find(.html]
[siged.sep.gob.mx/SIGED/js/datatables/{.html]
[siged.sep.gob.mx/SIGED/js/datatables/settings-3.html]
[siged.sep.gob.mx/SIGED/js/datatables/'+data+'.html]
[siged.sep.gob.mx/SIGED/js/concentrado_escuelas.html]
[siged.sep.gob.mx/SIGED/js/==t},t.prototype.html]
[siged.sep.gob.mx/SIGED/js/'+u.htmlEscape(d.html]
[siged.sep.gob.mx/SIGED/js/'+a.htmlEscape(o.html]
[siged.sep.gob.mx/SIGED/js/'+r.html]
[siged.sep.gob.mx/SIGED/js/{href}.html]
[siged.sep.gob.mx/SIGED/js/'+g+'.html]
[siged.sep.gob.mx/SIGED/js/concentrado_certificados.html]
[siged.sep.gob.mx/SIGED/js/xlsx/dist/==.html]
[siged.sep.gob.mx/SIGED/js/xlsx/dist/data.html]
[siged.sep.gob.mx/SIGED/js/xlsx/hello.html]
[siged.sep.gob.mx/SIGED/js/xlsx/smile.html]
[siged.sep.gob.mx/SIGED/js/xlsx/Xmas.html]
[siged.sep.gob.mx/SIGED/js/xlsx/base64.html]
[siged.sep.gob.mx/SIGED/js/xlsx/=.html]
[siged.sep.gob.mx/SIGED/js/xlsx/==.html]
[siged.sep.gob.mx/SIGED/js/xlsx/null;.html]
[siged.sep.gob.mx/SIGED/js/xlsx/utils.html]
[siged.sep.gob.mx/SIGED/js/xlsx/utils-2.html]
[siged.sep.gob.mx/SIGED/js/xlsx/str.html]
[siged.sep.gob.mx/SIGED/js/xlsx/zlib/deflate.html]
[siged.sep.gob.mx/SIGED/js/xlsx/(code.html]
[siged.sep.gob.mx/SIGED/js/xlsx/_length_code[lc];.html]
[siged.sep.gob.mx/SIGED/js/xlsx/d_code(dist);.html]
[siged.sep.gob.mx/SIGED/js/xlsx/(enc.html]
[siged.sep.gob.mx/SIGED/js/xlsx/URL.html]
[siged.sep.gob.mx/SIGED/js/xlsx/infile.html]
[siged.sep.gob.mx/SIGED/js/xlsx/e0 c9 ea 79 f9 ba ce 11 8c 82 00 aa 00 4b a9 0b.html]
[siged.sep.gob.mx/SIGED/js/xlsx/03 03 00 00 00 00 00 00 c0 00 00 00 00 00 00 46.html]
[siged.sep.gob.mx/SIGED/js/xlsx/aoa.html]
[siged.sep.gob.mx/SIGED/js/xlsx/records[ri].html]
[siged.sep.gob.mx/SIGED/js/xlsx/data.slice(1,data.html]
[siged.sep.gob.mx/SIGED/js/xlsx/META-INF/manifest.html]
[siged.sep.gob.mx/SIGED/js/xlsx/content.html]
[siged.sep.gob.mx/SIGED/js/xlsx/meta.html]
[siged.sep.gob.mx/SIGED/js/xlsx/styles.html]
[siged.sep.gob.mx/SIGED/js/xlsx/objectdata.html]
[siged.sep.gob.mx/SIGED/js/xlsx/[Content_Types].html]
[siged.sep.gob.mx/SIGED/js/xlsx/xl/workbook.html]
[siged.sep.gob.mx/SIGED/js/xlsx/xl/worksheets/sheet.html]
[siged.sep.gob.mx/SIGED/js/xlsx/docProps/core.html]
[siged.sep.gob.mx/SIGED/js/xlsx/docProps/app.html]
[siged.sep.gob.mx/SIGED/js/xlsx/docProps/custom.html]
[siged.sep.gob.mx/SIGED/js/xlsx/xl/theme/theme1.html]
[siged.sep.gob.mx/SIGED/js/xlsx/theme/theme1.html]
[siged.sep.gob.mx/SIGED/js/xlsx/e.target.html]
[siged.sep.gob.mx/SIGED/js/xlsx/new.html]
[siged.sep.gob.mx/SIGED/js/concentrado_principalesCifras.html]
[siged.sep.gob.mx/SIGED/glosario/assets/js/CPXHRLoader.html]
[siged.sep.gob.mx/SIGED/glosario/assets/htmlimages/Play2x.gif]
[siged.sep.gob.mx/SIGED/glosario/assets/htmlimages/Pause2x.gif]
[siged.sep.gob.mx/SIGED/glosario/assets/htmlimages/arrow_right.gif]
[siged.sep.gob.mx/SIGED/glosario/assets/css/CPLibraryAll.css]
[siged.sep.gob.mx/SIGED/glosario/assets/js/OpenAjaxManagedHub-all.html]
[siged.sep.gob.mx/SIGED/js/concentrado_articulo73.html]
[siged.sep.gob.mx/SIGED/css/sidebar.css]
[siged.sep.gob.mx/SIGED/js/grafica.html]
[siged.sep.gob.mx/SIGED/js/estadisticasEscuela.html]
[siged.sep.gob.mx/SIGED/glosario/assets/htmlimages/Play_icon.html]
[siged.sep.gob.mx/SIGED/glosario/assets/htmlimages/gesturemobileicon.html]
[siged.sep.gob.mx/SIGED/glosario/assets/htmlimages/gesturemobileimage2.html]
[siged.sep.gob.mx/SIGED/glosario/assets/htmlimages/gesturemobilelandscape.html]
[siged.sep.gob.mx/SIGED/glosario/assets/htmlimages/gesturetabletimage.html]
[siged.sep.gob.mx/SIGED/glosario/assets/htmlimages/dd_arrow.html]
[siged.sep.gob.mx/SIGED/glosario/assets/htmlimages/sequenceReview.html]
[siged.sep.gob.mx/SIGED/glosario/assets/js/_1d6[_240];if(url&&url.substring(0,1)===_/_)if(url.substring(1,2)===_/_)url=document.location.html]
[siged.sep.gob.mx/SIGED/glosario/assets/js/document.location.protocol+_/_+document.location.html]
[{s}.tile.openstreetmap.fr/osmfr/{z}/{x}/{y}.png]
